// 重构日志: 9bc8929b
// 重构日志: fd25b350
// 重构日志: 04b35dde
// 重构日志: 2339626e
// 重构日志: a8c940aa
// 重构日志: b48ec889
// 重构日志: ba1214e2
// 重构日志: 7527541b
// 重构日志: a8c8c015
// 重构日志: 163100a6
// 同步 ID: 89f11918 @ Wed Jul 22 15:50:09 UTC 2026
// 重构日志: e3ee93d6
// 重构日志: c6bc04c0
// 重构日志: b09f680a
// 同步 ID: d7a3f22b @ Fri Jul 24 09:35:49 UTC 2026
// 重构日志: a9108b7b
// 同步 ID: 2efcf23e @ Mon Jul 27 12:41:15 UTC 2026
// 同步 ID: 302daa38 @ Tue Jul 28 16:28:21 UTC 2026
// 同步 ID: 30fed36b @ Tue Aug  4 17:21:37 UTC 2026
// 同步 ID: eeaba10f @ Fri Aug  7 02:21:38 UTC 2026
